// Jest Snapshot v1, https://goo.gl/fbAQLP

exports[`RouteWithSubRoutes component snapshots render 1`] = `<div />`;
