// Jest Snapshot v1, https://goo.gl/fbAQLP

exports[`Loader component snapshots Loader snapshots render 1`] = `
<div
  className={undefined}
>
  <div
    className="loader"
  >
    <img
      alt="Loader"
      src="data:image/gif;base64,R0lGODlhMAAwAPdJAFdXV1hYWFpaWltbW1xcXF1dXV5eXl9fX2BgYGFhYWRkZGZmZmlpaWpqamtra2xsbG9vb3FxcXJycoWFhYaGhoeHh5mZmZqampubm66urq+vr8LCwsPDw9fX19jY2Orq6uvr6////2NjY3Z2dnt7e4ODg3h4eHNzc3V1dXd3d1ZWVmJiYpGRkW5ubnBwcMTExIyMjJiYmHl5eaysrH9/f3x8fI6OjqWlpWhoaImJiaioqGdnZ42NjdDQ0Hp6eqenp93d3fz8/LCwsIiIiLu7u8DAwJ+fn6SkpLm5uWVlZXR0dK2trY+Pj319fYqKim1tbYCAgNbW1ry8vLW1taamptTU1JSUlFlZWYSEhLGxsenp6f39/ZycnMbGxt7e3p2dnff394KCgsHBwZWVlZCQkMfHx9XV1bi4uKqqqrq6uqmpqdvb2/b29p6enoGBgZaWlpeXl/7+/n5+fr6+vszMzNLS0rOzs+Li4qurq6GhoZKSksXFxdHR0ejo6PDw8KCgoLS0tOfn58nJydPT04uLi6Kiore3t5OTk7a2tr+/v8vLy+Tk5Obm5srKyvLy8r29vd/f3/j4+Pn5+fv7+83NzbKyss7OzqOjo8jIyM/Pz+Hh4e/v71VVVQAAAAAAAAAAAAAAAAAAAAAAAAAAAAAAAAAAAAAAAAAAAAAAAAAAAAAAAAAAAAAAAAAAAAAAAAAAAAAAAAAAAAAAAAAAAAAAAAAAAAAAAAAAAAAAAAAAAAAAAAAAAAAAAAAAAAAAAAAAAAAAAAAAAAAAAAAAAAAAAAAAAAAAAAAAAAAAAAAAAAAAAAAAAAAAAAAAAAAAAAAAAAAAAAAAAAAAAAAAAAAAAAAAAAAAAAAAAAAAAAAAAAAAAAAAAAAAAAAAAAAAAAAAAAAAAAAAAAAAAAAAAAAAAAAAAAAAAAAAAAAAAAAAAAAAAAAAAAAAAAAAAAAAAAAAAAAAAAAAAAAAAAAAAAAAAAAAAAAAAAAAAAAAAAAAAAAAAAAAAAAAAAAAAAAAAAAAACH/C05FVFNDQVBFMi4wAwEAAAAh/i1NYWRlIGJ5IEtyYXNpbWlyYSBOZWpjaGV2YSAod3d3LmxvYWRpbmZvLm5ldCkAIfkEBQoASQAsAAAAADAAMAAAB/+ASYKDhIWGh4iJiouFAACMkJGFCEZlZUYIkpqLLEEhIUEsm6OHF5+fF6Sqg6anqauqraiwiC0wOImyIa+HAQYBmxQeHy8NiLq8hQEMEQ8Eki0dICDEDKWnu73MEhIPwJAwH9TUxYbIhssR6hIRBZE7L+LyL9aE54Tp6uoM35AM8eOIGWOFLVk+ffw2NQA4r16Se0kO7uun6Z88cvXuSYyQUNXCi9WSYMCGISIzfRwpkrIY8MWOGNgsJDmJUKVHhtTO1FjDhs2aFAtQpqRFiKW4IgJE+PAhQgUDdhOJFvoIAggNQwUgsOsotSgSMVcPFWiwwyajAmFyqF3LVu2QEwL/FKkwsGCH3bt47SqgyMNMh7+AAwMmckBRAB8UEiterHiCQxVoPEieTJlyDxeKDJSowLmzZ88oBkGuTHry5cybP6vmHHpQX8Gw/xI2jJixbQqOCaFtyzvH27iJAhxYQLy48eJ7R61oo8OECkMqGgwp4a4rIRFHNnBIY8JQgzEYLlSobh27du0/BAywSyDAkPDhx5fPzuF8mwYX1Ki5gCPMBfjikQeLefXVd8MKI2SggQYZjEBABf9FKN+A9J13hAhJpKAggykkUQCEAE5ICoEWYpjhhhl06CGIEgooCYn1XTiIhgumOMiHEcbnIiMi3HBejCYKQiOHurGooyQJVAhkaiFD2lhkjuI9A4kMYhS4gYxMoqjik/BZ4EAkImjAwZKGNLkllxjwsGMiEghxZZBZ1nhmkRbYsMAmIsiQQCJmJlKAA2vS0qd1kQxKKCOGHqrICTMsOMMJijIiAAlkkEECcJEuosJzmXZaSCAAIfkEBQoANQAsAgACACwALAAACP8AawgcSLAgwQMWpEixcMCgw4cQHzrpAwJEHycRM2osqOdDxQ96NorM2PFjyJEoDZYEATIlRAYlFEBc2fJhAz0uNjbZ0wHQgoc0Txp8UiXOxYwMXnjw0POnSo8shRIkGqJqoJwQw0RhytTnU5NDq1StGodFRAWAOnBtyhFqzYFUx4YY1CDjgrRrvQ4MOlWs3CpPNt5VS1hvDb4C444FPHJwXqeIFVdljNJx4Z98JYegnNJyVwVk3JJp4HdxYJcCPXfAM0LQnTuCTJSRu/k06tR41doRgODEiQMD+Py1fTv1FLV0SBis4Gcy8eKpZ9ghocKgigp1BD0QOUAGlO/gw3//p4EVIoEEBg6oX89efQEVUMRsmE+/Pv0lGQE4iMC/v//+LhxwAQcEFmiggXNAENEALkjw34P8LTDggRQSmOCCDUL44ALx2efhfPhFpJ+G/wXYnXgoQkFDCwFEpMIA7cXoXnUbHcDEGC08tIIJKAwAXUEIvJGBBlTkWNAKblRAgQk+/lhDkEMOOUYAAySRxAAqpKCkkkz+CKUGUTKRBAxwwAGDCEpQsOWSTaL2ZZRvHNDCBRhgcEELApig5p5duvQmmG8gUAMEdNqp4AB6rtnnSH9mEKhAhNZ5gYI1ILonl21q1OijkBY66UCWKpopRJsKOlCkhhIUKp+jGnSAkGACZGrqqZ5SCmqifAoQ0QlLxOrorLRKauutl06QREQr/KGBrA6h+qlBoVYgR6sFQZDHrw85O6yqesohwkYrKNFQtrVCJMCVTnYqbLobacuuRu6+G5EDMdQZgwPyRhQABN9B0KJLAQEAIfkEBQoAYQAsAgABAC0ALQAAB/+AYYKDhIWGKiqGiouMjWEGTDMzPASOlpeDE1EeHlU0mKCNMB0dHh0ToamGo6Wnqq+CrKaosIYKMgmMsq6LDDYtmEpZG0cii7u0hg5dHx7JjApCHBzExquks4rLHyAgUU+OPhvU1MXXrc+C2yDcWjmOKzfj8+aEyIXr3B9FSZYKVPPKrbCHjZc6ZuzYFdmB6V/AaoPuHdSnkCEoh+SIDQwjMV9FVRjpGbvncZ9FkAAzHkHgpJQpLAwQ6ltYK0xIalxOEOnRA4kEKRRN1hR088iVAy4gGBiwIaHQoURTIhlhCAqQj1AHiTDyg6oiGkWmLAilxITZs2jNpmBwpdGVGhj/4sqdG5cLCwRhaizJwLev374WBjRS4CWE4cOID2/5EoaFhseQI0fWMZZREzCJMx9+ocKx5M+PKTeqgVlzZg4q9P5dzTeGgMFATCcOwiWMAAkjcuverfskIxMxLAgfTlw4kwOgCpTI0WCRgQYLAGQdZGDIBQxWGBgyAEFCBAYBple/fr0CgAAHDgRQ0cB7hO/hh47HQB4KAhIlSvgwgOO9f/A1zUceFgMwQEEFFUwQHQP+vQfgKwLSh0UlDVBwoIJhBMBggw+GEuEFEwpS4YWVadggfB5aR5+ElYhoYYKVZbjhf/FZ8mGIg4wIIyEmclgjIwVUQB6LheiIIY8zOihdWyMPWLAiiC0SYmSMg/QYgQQuFOCIATbEBaUiUypiogQSOPDjIjvYYAGOhoQpJoMOCHZJAQ3ICeaLR4pZwJk1uTmdI37+yUiggiqywAQIYmFNoYzggIISOCypSiAAIfkEBQoAMAAsAgACACwALAAACP8AYQgcSLAgwQFhMFyAIsCgw4cQH9YQw4FDohQRM2osWGLDBg4bmmwcmbHjx5AkUzo0CVKkyocilByAyBLlwwVYGGyMUCjDGAQPa7o0iMNQhxc1MooopEGDT6AGhTos2sGDBw44IqJY4tTpz6geWxI16qGqGSgRD8DJ0PUpx7A2B1ItWzbLiowJ1rb9OlCqXLJVO2RRsDEv28N8YfiFMTfwYJKG90L127gu4ZSREQOVWlnwZZWZvRoI8xFkjQWALb8cGDqDDQhL5szBA0FDYNWrWetlewjAAQgDEdH1nLtg5BsPDNagg7s4QQRkrCR3SMKODhEjrzhwAaG79+/dkwD/iCggxaHz6NOft0LoQAQLF+LLny+fUEOICRR92M+/P38tcLiBwYAEFljgG9hBhMIdIDTo4IMPniGggRQOiKBWDEKoYYNnuAAffSBe4ARejfhn4n5avBFAAy206OKLLoqgQkQEmMAECzjmqCOOORgwkgBKmHCXQ06YUUYDzhU0gAkUVADFkAQR4kgIIdQxXZJLNtlkCioAQAABABRgBpVUWoklkxVoeQIBD7jgQgMJNEJmmVe+lGWaaY5wRQIRSCBBBAY8MOacZtqJppYjNMRnBIzO9MSgZBZK0p2I3rdoowI9OmeVdWZEaZ73wXBpBDNlCimdG31KQaIEjVqqqZtKavqQAIeCahyjmBKkKaFZQbTABHiuGipruJJq0K5UbmEDjXJUYKtBrjqE7CJPKCXHBKw6FK20ZsTBSAUbEZDEFfgV+6pBDZDRQpLE4nouuxFtCy9e5s6rkQEuMOpCAfZmpMIBCyxwwIwvBQQAIfkEBQoAKgAsAgACACwALAAACP8AVQgcSLBgQTl69DQxyLChQ4dKlmjQMEPCw4sYC8rIkEFDhhEZQ17c2PGjyJMMSXoEibLhgQcFHKo02VAECQUZcTC5UMFAw5ksDSbRsSGLkosGmGDAwNOnQaAMh27gwEGIiIcOLDBl2vMpx5VCiXKYKibFQwIULmxtqvErzYFSx47Ng+BigQpq83YdCBWu2KkbCiXIeDcvV6cq+qqIC1iwyMJr9/ZlPNbxSch6fUKlHHhwS8xcCZjo6BGFgr+VPbdUAfpCmB0WdOiAwyAP4NSrCYKuAEDAgiQCBPyQ2zl3QchWcBg0kQa38eNuKihnmOIGhroZAyxowL27d+4MsDv/vKKEEIzz6NOfn2CgwQQK8OPLj+8jwEMEjzro389/fxQbKFQw34AUVFACYgxJwIcH/TXYgQdoBFjBhBRWSGEYCBoUQQ8edOjhhx+qwcAEJJZoYokUyGCfQwek4WCDZjgBgAgL1GjjjTZmaNAAJ5SAxY9ABvljEwSEFAAODugoUBh7SMHAcwUFwEAEEkAQU0FheAHCB104AKVAUkYgpgRPLiCHHAoMwMGWW3YJZZhiipmED5BIEgkQNRjyAZtcepkbnHHicAUGIRQaxxtJbLDnom62BKiYOACgAheFhhBHDCrgoCifjYr0aASRCkSpoZhmuimjfmY3ZZygSipqpZcOdKTpom2m+tCnoQ40qqWlCjQrp7YyhKurusLaq6+ntokUlYESWyypBv26qBO3OiCBBK0ytGus0W4KghkPXDSAA9lqa2xDDChqRhjZEeBsQdseW9ACOQRrXLxfhoRvvhjty+9DegRR6CQ8/HvRAVyMhYGSGAUEACH5BAUKACcALAIAAgAsACwAAAj/AE8IHEiwIMErEcKEcRHAoMOHEB8+sIABQ4wGETNqLOjiwgUMF1psHJkRgkeQIkmqNGjyY8iVEAksEACxJUqICEaI2KiABgUTAx7afOkwAZwMhVxkJECjQoWfQVmeJFrQaAYNGvKsiJhkwtOnQKW6TEnQqoarSyREFGCCwleoBYeSFWj2agY9BTIOaPs27EC5ZY+ePavHwMa9bhP7PQGYrmC7hUki7hu1cV3ChlVOVhwU8OW7mVduBivAZMULTxA8xgxz4GgKSkQQevPGiQIWdlm3ds3X7QgVAkSIEBBgzGDQuwtOhpLA4JMbupMTFKBkBAKJh2Dk3ajiQILv4MN//0cwQEVEAC5KqF/Pfn2NAQgiyJ9Pn74DABk1bNjPvz9/MVAsIEF9BEYggQtRPRRBIhz45+AGHFggYIH1SQBBgg65MAcHHHbooYdwHOAChfU1gF9EMzzoYCJNqFDAATDGKCOMBiSwXU0k1KDjjjzqOAJNG0FASRROPCTHGRksIF1cHYQQgh9DGCQHJR50gMgOSwoEQZNOhtDDACuMMEICA0xRZZVXLrlll05uIAMdiyyiyAhodHCmlVjutiabliygxwcggPCBDStUYuehacK0Z5eWMHCCFYAKysQJSRh6Z6IkLepkowIdEukHk1JqKaJ5Bsklo452+mmooh6KZqkRaXgaAqcDeRooqARV6iqeGTlw6qap1rpqQbpemkREVsTBZ7DC3srqQMXaGYUbEbnACKoO2SqpQ8V6sAGsDg3BSBy0GqQtrtwa6uZGLfAALkHnPluQCAFmqaqz9m4Ub74aQQoouvxCREgfgfZRQcARGfDGGWeMcaNKAQEAIfkEBQoAJgAsAgACACwALAAACP8ATQgcSLAgwQANRoxoYLChw4cPFUyoUGFCEogYMxZcQKECBQo7NIrEyNEjyJEoG5b8GDKlwwAGAjxcedJhgQcGNBJ4EIGBTJUdWTo0UOECExwYAzyQIKHnz41BaxYkegEDBiY5HxaI0DSCU4M0WxKkiqGqBQcQAeDwytYnVJNiBZKteqECAYxqubZ9aiLs2KJly1YooDFv168C/coFTHfwSMN7E0dtOVcwYZSQvbr1W7nu5ZSZnZb0uKAAY8suB4bGYUBGmDAyEJSgizq16rVNJTRQATMmgAqBPdsuaBjC54EMrNQeTlBFEgbHCTKo4GZkgkNfuGjfzl27jIwMfJD/GE++/HgUA/7ECcG+vfv2QBRAHIAhg/37+O8vqdHlvf/2YJAA0Q5qaJDfgRlowMIe//3HhoAz6aDBhBRWWCEZXwQRx4YcdsjhGiLMZwGCBy5BwgE8xADHiiy2CMcbJAyAUQMojIDCjTjmOEIEIzGQBgfVNeQDGnnIxxxBDXTxAQheBEmQDERwsMEPFx1pQpJLLinGAAiccEICAlAhpZRUHumAkiBkeYYSUvBRxyNKcLHBmFNWmRqWaabJwQIVdOCBBx3kgMAlcxZapktnZqmnQEP4CSghJqxAKJ2HjoRnlhwM1OifHUAa6aSG2plRonl+kKmmjnY6kKSFkinqQ5cucUrQpo8SxCqlrxqEwwuKmmoQraraCqqUVIT4ECFalHpqQcB6KmyrYnz30BNRgCDrr6k6+ywHHGhg7ENYRKHFsthyqu2zGkig0QM5LPBQsw8lkMK3R8JrpUb23otRvvo+5EYVf5pRQr8YEUCIGmjAYFtAACH5BAUKACIALAEAAgAtACwAAAj/AEUIHEiwYEEVCHbsQKDCoMOHECEWcCFBggsDETNqNHgggscIBzaK1NjxY8iRKB2W9Hgy5UMJbx5AXAkSooAFBETC0BInSouHNFsWHGCCAg0FGl0ECsHUp8qPNQ0SpVChAo2cEcnEYdr0Z8GgUotWoDphQcYdmbh2/QpVqIipY8eaEKCxQVq1TgeCHQiXKgUTA0TaVRsir4i9b8X6BYxyMF6ve/vKDZzSMVenYCX/pezSclcDESqCFKB4skuCnkMoSuDAhQsHA1D4NX0a9V2mdQgAGDAAgIoUcTfXNuh4UwWDCaDQHl6QAYceFB4mSKGErkgEMMZY2c69u5VDcyOq/1BQsbz58ieeXBFhQcuH9/Djw1+dEcaF+/jz47fgAgAREPIF+AEId5wQkQJwYKDfghdgAAUAaYAg4YQUUqiJgRAhiMGGHHbYIRQiwOGegPJhgkBEAhDC4IIxQCBQBTbEKOOMMfKAQkZXKPDEjjz2uGMLDQQw0gJLINLEQxDAwUICzBm0wxQdeEDJkQW1QIUGGcDBZJMCPRlllIAI5BECAYyBJZZacumlB1+i4UIGiSSiAQQ8ZHBmllvWtuaXdiggxwYccLABFAVYYeehaZ62J5t2mEUDoIK6cZihdyaK0qIdNCrQo4FuIOmkh6KZ50aYaroppJ7qRSmio0a0AyJfMnRq1kCcRkrQAauKqlESsLIpa0G1pnprrlm6ZZAbUfia6awEBfvpsKEuoURGOGzgwa8GOasSpRr8sYJGPnCw7EPaqnRIBn+4SCoUSJGL6rMGGSBBq8yVy+VG9t6bUbBh6LuRCYkEWoQP/mokgBwxxECDdSkFBAA7"
    />
  </div>
</div>
`;

exports[`Loader component snapshots Loader snapshots render with className 1`] = `
<div
  className="some-class"
>
  <div
    className="loader"
  >
    <img
      alt="Loader"
      src="data:image/gif;base64,R0lGODlhMAAwAPdJAFdXV1hYWFpaWltbW1xcXF1dXV5eXl9fX2BgYGFhYWRkZGZmZmlpaWpqamtra2xsbG9vb3FxcXJycoWFhYaGhoeHh5mZmZqampubm66urq+vr8LCwsPDw9fX19jY2Orq6uvr6////2NjY3Z2dnt7e4ODg3h4eHNzc3V1dXd3d1ZWVmJiYpGRkW5ubnBwcMTExIyMjJiYmHl5eaysrH9/f3x8fI6OjqWlpWhoaImJiaioqGdnZ42NjdDQ0Hp6eqenp93d3fz8/LCwsIiIiLu7u8DAwJ+fn6SkpLm5uWVlZXR0dK2trY+Pj319fYqKim1tbYCAgNbW1ry8vLW1taamptTU1JSUlFlZWYSEhLGxsenp6f39/ZycnMbGxt7e3p2dnff394KCgsHBwZWVlZCQkMfHx9XV1bi4uKqqqrq6uqmpqdvb2/b29p6enoGBgZaWlpeXl/7+/n5+fr6+vszMzNLS0rOzs+Li4qurq6GhoZKSksXFxdHR0ejo6PDw8KCgoLS0tOfn58nJydPT04uLi6Kiore3t5OTk7a2tr+/v8vLy+Tk5Obm5srKyvLy8r29vd/f3/j4+Pn5+fv7+83NzbKyss7OzqOjo8jIyM/Pz+Hh4e/v71VVVQAAAAAAAAAAAAAAAAAAAAAAAAAAAAAAAAAAAAAAAAAAAAAAAAAAAAAAAAAAAAAAAAAAAAAAAAAAAAAAAAAAAAAAAAAAAAAAAAAAAAAAAAAAAAAAAAAAAAAAAAAAAAAAAAAAAAAAAAAAAAAAAAAAAAAAAAAAAAAAAAAAAAAAAAAAAAAAAAAAAAAAAAAAAAAAAAAAAAAAAAAAAAAAAAAAAAAAAAAAAAAAAAAAAAAAAAAAAAAAAAAAAAAAAAAAAAAAAAAAAAAAAAAAAAAAAAAAAAAAAAAAAAAAAAAAAAAAAAAAAAAAAAAAAAAAAAAAAAAAAAAAAAAAAAAAAAAAAAAAAAAAAAAAAAAAAAAAAAAAAAAAAAAAAAAAAAAAAAAAAAAAAAAAAAAAAAAAACH/C05FVFNDQVBFMi4wAwEAAAAh/i1NYWRlIGJ5IEtyYXNpbWlyYSBOZWpjaGV2YSAod3d3LmxvYWRpbmZvLm5ldCkAIfkEBQoASQAsAAAAADAAMAAAB/+ASYKDhIWGh4iJiouFAACMkJGFCEZlZUYIkpqLLEEhIUEsm6OHF5+fF6Sqg6anqauqraiwiC0wOImyIa+HAQYBmxQeHy8NiLq8hQEMEQ8Eki0dICDEDKWnu73MEhIPwJAwH9TUxYbIhssR6hIRBZE7L+LyL9aE54Tp6uoM35AM8eOIGWOFLVk+ffw2NQA4r16Se0kO7uun6Z88cvXuSYyQUNXCi9WSYMCGISIzfRwpkrIY8MWOGNgsJDmJUKVHhtTO1FjDhs2aFAtQpqRFiKW4IgJE+PAhQgUDdhOJFvoIAggNQwUgsOsotSgSMVcPFWiwwyajAmFyqF3LVu2QEwL/FKkwsGCH3bt47SqgyMNMh7+AAwMmckBRAB8UEiterHiCQxVoPEieTJlyDxeKDJSowLmzZ88oBkGuTHry5cybP6vmHHpQX8Gw/xI2jJixbQqOCaFtyzvH27iJAhxYQLy48eJ7R61oo8OECkMqGgwp4a4rIRFHNnBIY8JQgzEYLlSobh27du0/BAywSyDAkPDhx5fPzuF8mwYX1Ki5gCPMBfjikQeLefXVd8MKI2SggQYZjEBABf9FKN+A9J13hAhJpKAggykkUQCEAE5ICoEWYpjhhhl06CGIEgooCYn1XTiIhgumOMiHEcbnIiMi3HBejCYKQiOHurGooyQJVAhkaiFD2lhkjuI9A4kMYhS4gYxMoqjik/BZ4EAkImjAwZKGNLkllxjwsGMiEghxZZBZ1nhmkRbYsMAmIsiQQCJmJlKAA2vS0qd1kQxKKCOGHqrICTMsOMMJijIiAAlkkEECcJEuosJzmXZaSCAAIfkEBQoANQAsAgACACwALAAACP8AawgcSLAgwQMWpEixcMCgw4cQHzrpAwJEHycRM2osqOdDxQ96NorM2PFjyJEoDZYEATIlRAYlFEBc2fJhAz0uNjbZ0wHQgoc0Txp8UiXOxYwMXnjw0POnSo8shRIkGqJqoJwQw0RhytTnU5NDq1StGodFRAWAOnBtyhFqzYFUx4YY1CDjgrRrvQ4MOlWs3CpPNt5VS1hvDb4C444FPHJwXqeIFVdljNJx4Z98JYegnNJyVwVk3JJp4HdxYJcCPXfAM0LQnTuCTJSRu/k06tR41doRgODEiQMD+Py1fTv1FLV0SBis4Gcy8eKpZ9ghocKgigp1BD0QOUAGlO/gw3//p4EVIoEEBg6oX89efQEVUMRsmE+/Pv0lGQE4iMC/v//+LhxwAQcEFmiggXNAENEALkjw34P8LTDggRQSmOCCDUL44ALx2efhfPhFpJ+G/wXYnXgoQkFDCwFEpMIA7cXoXnUbHcDEGC08tIIJKAwAXUEIvJGBBlTkWNAKblRAgQk+/lhDkEMOOUYAAySRxAAqpKCkkkz+CKUGUTKRBAxwwAGDCEpQsOWSTaL2ZZRvHNDCBRhgcEELApig5p5duvQmmG8gUAMEdNqp4AB6rtnnSH9mEKhAhNZ5gYI1ILonl21q1OijkBY66UCWKpopRJsKOlCkhhIUKp+jGnSAkGACZGrqqZ5SCmqifAoQ0QlLxOrorLRKauutl06QREQr/KGBrA6h+qlBoVYgR6sFQZDHrw85O6yqesohwkYrKNFQtrVCJMCVTnYqbLobacuuRu6+G5EDMdQZgwPyRhQABN9B0KJLAQEAIfkEBQoAYQAsAgABAC0ALQAAB/+AYYKDhIWGKiqGiouMjWEGTDMzPASOlpeDE1EeHlU0mKCNMB0dHh0ToamGo6Wnqq+CrKaosIYKMgmMsq6LDDYtmEpZG0cii7u0hg5dHx7JjApCHBzExquks4rLHyAgUU+OPhvU1MXXrc+C2yDcWjmOKzfj8+aEyIXr3B9FSZYKVPPKrbCHjZc6ZuzYFdmB6V/AaoPuHdSnkCEoh+SIDQwjMV9FVRjpGbvncZ9FkAAzHkHgpJQpLAwQ6ltYK0xIalxOEOnRA4kEKRRN1hR088iVAy4gGBiwIaHQoURTIhlhCAqQj1AHiTDyg6oiGkWmLAilxITZs2jNpmBwpdGVGhj/4sqdG5cLCwRhaizJwLev374WBjRS4CWE4cOID2/5EoaFhseQI0fWMZZREzCJMx9+ocKx5M+PKTeqgVlzZg4q9P5dzTeGgMFATCcOwiWMAAkjcuverfskIxMxLAgfTlw4kwOgCpTI0WCRgQYLAGQdZGDIBQxWGBgyAEFCBAYBple/fr0CgAAHDgRQ0cB7hO/hh47HQB4KAhIlSvgwgOO9f/A1zUceFgMwQEEFFUwQHQP+vQfgKwLSh0UlDVBwoIJhBMBggw+GEuEFEwpS4YWVadggfB5aR5+ElYhoYYKVZbjhf/FZ8mGIg4wIIyEmclgjIwVUQB6LheiIIY8zOihdWyMPWLAiiC0SYmSMg/QYgQQuFOCIATbEBaUiUypiogQSOPDjIjvYYAGOhoQpJoMOCHZJAQ3ICeaLR4pZwJk1uTmdI37+yUiggiqywAQIYmFNoYzggIISOCypSiAAIfkEBQoAMAAsAgACACwALAAACP8AYQgcSLAgwQFhMFyAIsCgw4cQH9YQw4FDohQRM2osWGLDBg4bmmwcmbHjx5AkUzo0CVKkyocilByAyBLlwwVYGGyMUCjDGAQPa7o0iMNQhxc1MooopEGDT6AGhTos2sGDBw44IqJY4tTpz6geWxI16qGqGSgRD8DJ0PUpx7A2B1ItWzbLiowJ1rb9OlCqXLJVO2RRsDEv28N8YfiFMTfwYJKG90L127gu4ZSREQOVWlnwZZWZvRoI8xFkjQWALb8cGDqDDQhL5szBA0FDYNWrWetlewjAAQgDEdH1nLtg5BsPDNagg7s4QQRkrCR3SMKODhEjrzhwAaG79+/dkwD/iCggxaHz6NOft0LoQAQLF+LLny+fUEOICRR92M+/P38tcLiBwYAEFljgG9hBhMIdIDTo4IMPniGggRQOiKBWDEKoYYNnuAAffSBe4ARejfhn4n5avBFAAy206OKLLoqgQkQEmMAECzjmqCOOORgwkgBKmHCXQ06YUUYDzhU0gAkUVADFkAQR4kgIIdQxXZJLNtlkCioAQAABABRgBpVUWoklkxVoeQIBD7jgQgMJNEJmmVe+lGWaaY5wRQIRSCBBBAY8MOacZtqJppYjNMRnBIzO9MSgZBZK0p2I3rdoowI9OmeVdWZEaZ73wXBpBDNlCimdG31KQaIEjVqqqZtKavqQAIeCahyjmBKkKaFZQbTABHiuGipruJJq0K5UbmEDjXJUYKtBrjqE7CJPKCXHBKw6FK20ZsTBSAUbEZDEFfgV+6pBDZDRQpLE4nouuxFtCy9e5s6rkQEuMOpCAfZmpMIBCyxwwIwvBQQAIfkEBQoAKgAsAgACACwALAAACP8AVQgcSLBgQTl69DQxyLChQ4dKlmjQMEPCw4sYC8rIkEFDhhEZQ17c2PGjyJMMSXoEibLhgQcFHKo02VAECQUZcTC5UMFAw5ksDSbRsSGLkosGmGDAwNOnQaAMh27gwEGIiIcOLDBl2vMpx5VCiXKYKibFQwIULmxtqvErzYFSx47Ng+BigQpq83YdCBWu2KkbCiXIeDcvV6cq+qqIC1iwyMJr9/ZlPNbxSch6fUKlHHhwS8xcCZjo6BGFgr+VPbdUAfpCmB0WdOiAwyAP4NSrCYKuAEDAgiQCBPyQ2zl3QchWcBg0kQa38eNuKihnmOIGhroZAyxowL27d+4MsDv/vKKEEIzz6NOfn2CgwQQK8OPLj+8jwEMEjzro389/fxQbKFQw34AUVFACYgxJwIcH/TXYgQdoBFjBhBRWSGEYCBoUQQ8edOjhhx+qwcAEJJZoYokUyGCfQwek4WCDZjgBgAgL1GjjjTZmaNAAJ5SAxY9ABvljEwSEFAAODugoUBh7SMHAcwUFwEAEEkAQU0FheAHCB104AKVAUkYgpgRPLiCHHAoMwMGWW3YJZZhiipmED5BIEgkQNRjyAZtcepkbnHHicAUGIRQaxxtJbLDnom62BKiYOACgAheFhhBHDCrgoCifjYr0aASRCkSpoZhmuimjfmY3ZZygSipqpZcOdKTpom2m+tCnoQ40qqWlCjQrp7YyhKurusLaq6+ntokUlYESWyypBv26qBO3OiCBBK0ytGus0W4KghkPXDSAA9lqa2xDDChqRhjZEeBsQdseW9ACOQRrXLxfhoRvvhjty+9DegRR6CQ8/HvRAVyMhYGSGAUEACH5BAUKACcALAIAAgAsACwAAAj/AE8IHEiwIMErEcKEcRHAoMOHEB8+sIABQ4wGETNqLOjiwgUMF1psHJkRgkeQIkmqNGjyY8iVEAksEACxJUqICEaI2KiABgUTAx7afOkwAZwMhVxkJECjQoWfQVmeJFrQaAYNGvKsiJhkwtOnQKW6TEnQqoarSyREFGCCwleoBYeSFWj2agY9BTIOaPs27EC5ZY+ePavHwMa9bhP7PQGYrmC7hUki7hu1cV3ChlVOVhwU8OW7mVduBivAZMULTxA8xgxz4GgKSkQQevPGiQIWdlm3ds3X7QgVAkSIEBBgzGDQuwtOhpLA4JMbupMTFKBkBAKJh2Dk3ajiQILv4MN//0cwQEVEAC5KqF/Pfn2NAQgiyJ9Pn74DABk1bNjPvz9/MVAsIEF9BEYggQtRPRRBIhz45+AGHFggYIH1SQBBgg65MAcHHHbooYdwHOAChfU1gF9EMzzoYCJNqFDAATDGKCOMBiSwXU0k1KDjjjzqOAJNG0FASRROPCTHGRksIF1cHYQQgh9DGCQHJR50gMgOSwoEQZNOhtDDACuMMEICA0xRZZVXLrlll05uIAMdiyyiyAhodHCmlVjutiabliygxwcggPCBDStUYuehacK0Z5eWMHCCFYAKysQJSRh6Z6IkLepkowIdEukHk1JqKaJ5Bsklo452+mmooh6KZqkRaXgaAqcDeRooqARV6iqeGTlw6qap1rpqQbpemkREVsTBZ7DC3srqQMXaGYUbEbnACKoO2SqpQ8V6sAGsDg3BSBy0GqQtrtwa6uZGLfAALkHnPluQCAFmqaqz9m4Ub74aQQoouvxCREgfgfZRQcARGfDGGWeMcaNKAQEAIfkEBQoAJgAsAgACACwALAAACP8ATQgcSLAgwQANRoxoYLChw4cPFUyoUGFCEogYMxZcQKECBQo7NIrEyNEjyJEoG5b8GDKlwwAGAjxcedJhgQcGNBJ4EIGBTJUdWTo0UOECExwYAzyQIKHnz41BaxYkegEDBiY5HxaI0DSCU4M0WxKkiqGqBQcQAeDwytYnVJNiBZKteqECAYxqubZ9aiLs2KJly1YooDFv168C/coFTHfwSMN7E0dtOVcwYZSQvbr1W7nu5ZSZnZb0uKAAY8suB4bGYUBGmDAyEJSgizq16rVNJTRQATMmgAqBPdsuaBjC54EMrNQeTlBFEgbHCTKo4GZkgkNfuGjfzl27jIwMfJD/GE++/HgUA/7ECcG+vfv2QBRAHIAhg/37+O8vqdHlvf/2YJAA0Q5qaJDfgRlowMIe//3HhoAz6aDBhBRWWCEZXwQRx4YcdsjhGiLMZwGCBy5BwgE8xADHiiy2CMcbJAyAUQMojIDCjTjmOEIEIzGQBgfVNeQDGnnIxxxBDXTxAQheBEmQDERwsMEPFx1pQpJLLinGAAiccEICAlAhpZRUHumAkiBkeYYSUvBRxyNKcLHBmFNWmRqWaabJwQIVdOCBBx3kgMAlcxZapktnZqmnQEP4CSghJqxAKJ2HjoRnlhwM1OifHUAa6aSG2plRonl+kKmmjnY6kKSFkinqQ5cucUrQpo8SxCqlrxqEwwuKmmoQraraCqqUVIT4ECFalHpqQcB6KmyrYnz30BNRgCDrr6k6+ywHHGhg7ENYRKHFsthyqu2zGkig0QM5LPBQsw8lkMK3R8JrpUb23otRvvo+5EYVf5pRQr8YEUCIGmjAYFtAACH5BAUKACIALAEAAgAtACwAAAj/AEUIHEiwYEEVCHbsQKDCoMOHECEWcCFBggsDETNqNHgggscIBzaK1NjxY8iRKB2W9Hgy5UMJbx5AXAkSooAFBETC0BInSouHNFsWHGCCAg0FGl0ECsHUp8qPNQ0SpVChAo2cEcnEYdr0Z8GgUotWoDphQcYdmbh2/QpVqIipY8eaEKCxQVq1TgeCHQiXKgUTA0TaVRsir4i9b8X6BYxyMF6ve/vKDZzSMVenYCX/pezSclcDESqCFKB4skuCnkMoSuDAhQsHA1D4NX0a9V2mdQgAGDAAgIoUcTfXNuh4UwWDCaDQHl6QAYceFB4mSKGErkgEMMZY2c69u5VDcyOq/1BQsbz58ieeXBFhQcuH9/Djw1+dEcaF+/jz47fgAgAREPIF+AEId5wQkQJwYKDfghdgAAUAaYAg4YQUUqiJgRAhiMGGHHbYIRQiwOGegPJhgkBEAhDC4IIxQCBQBTbEKOOMMfKAQkZXKPDEjjz2uGMLDQQw0gJLINLEQxDAwUICzBm0wxQdeEDJkQW1QIUGGcDBZJMCPRlllIAI5BECAYyBJZZacumlB1+i4UIGiSSiAQQ8ZHBmllvWtuaXdiggxwYccLABFAVYYeehaZ62J5t2mEUDoIK6cZihdyaK0qIdNCrQo4FuIOmkh6KZ50aYaroppJ7qRSmio0a0AyJfMnRq1kCcRkrQAauKqlESsLIpa0G1pnprrlm6ZZAbUfia6awEBfvpsKEuoURGOGzgwa8GOasSpRr8sYJGPnCw7EPaqnRIBn+4SCoUSJGL6rMGGSBBq8yVy+VG9t6bUbBh6LuRCYkEWoQP/mokgBwxxECDdSkFBAA7"
    />
  </div>
</div>
`;

exports[`Loader component snapshots LoaderStyled snapshots render 1`] = `
<div
  className="sc-bdVaJa dowqun"
>
  <div
    className="loader"
  >
    <img
      alt="Loader"
      src="data:image/gif;base64,R0lGODlhMAAwAPdJAFdXV1hYWFpaWltbW1xcXF1dXV5eXl9fX2BgYGFhYWRkZGZmZmlpaWpqamtra2xsbG9vb3FxcXJycoWFhYaGhoeHh5mZmZqampubm66urq+vr8LCwsPDw9fX19jY2Orq6uvr6////2NjY3Z2dnt7e4ODg3h4eHNzc3V1dXd3d1ZWVmJiYpGRkW5ubnBwcMTExIyMjJiYmHl5eaysrH9/f3x8fI6OjqWlpWhoaImJiaioqGdnZ42NjdDQ0Hp6eqenp93d3fz8/LCwsIiIiLu7u8DAwJ+fn6SkpLm5uWVlZXR0dK2trY+Pj319fYqKim1tbYCAgNbW1ry8vLW1taamptTU1JSUlFlZWYSEhLGxsenp6f39/ZycnMbGxt7e3p2dnff394KCgsHBwZWVlZCQkMfHx9XV1bi4uKqqqrq6uqmpqdvb2/b29p6enoGBgZaWlpeXl/7+/n5+fr6+vszMzNLS0rOzs+Li4qurq6GhoZKSksXFxdHR0ejo6PDw8KCgoLS0tOfn58nJydPT04uLi6Kiore3t5OTk7a2tr+/v8vLy+Tk5Obm5srKyvLy8r29vd/f3/j4+Pn5+fv7+83NzbKyss7OzqOjo8jIyM/Pz+Hh4e/v71VVVQAAAAAAAAAAAAAAAAAAAAAAAAAAAAAAAAAAAAAAAAAAAAAAAAAAAAAAAAAAAAAAAAAAAAAAAAAAAAAAAAAAAAAAAAAAAAAAAAAAAAAAAAAAAAAAAAAAAAAAAAAAAAAAAAAAAAAAAAAAAAAAAAAAAAAAAAAAAAAAAAAAAAAAAAAAAAAAAAAAAAAAAAAAAAAAAAAAAAAAAAAAAAAAAAAAAAAAAAAAAAAAAAAAAAAAAAAAAAAAAAAAAAAAAAAAAAAAAAAAAAAAAAAAAAAAAAAAAAAAAAAAAAAAAAAAAAAAAAAAAAAAAAAAAAAAAAAAAAAAAAAAAAAAAAAAAAAAAAAAAAAAAAAAAAAAAAAAAAAAAAAAAAAAAAAAAAAAAAAAAAAAAAAAAAAAAAAAACH/C05FVFNDQVBFMi4wAwEAAAAh/i1NYWRlIGJ5IEtyYXNpbWlyYSBOZWpjaGV2YSAod3d3LmxvYWRpbmZvLm5ldCkAIfkEBQoASQAsAAAAADAAMAAAB/+ASYKDhIWGh4iJiouFAACMkJGFCEZlZUYIkpqLLEEhIUEsm6OHF5+fF6Sqg6anqauqraiwiC0wOImyIa+HAQYBmxQeHy8NiLq8hQEMEQ8Eki0dICDEDKWnu73MEhIPwJAwH9TUxYbIhssR6hIRBZE7L+LyL9aE54Tp6uoM35AM8eOIGWOFLVk+ffw2NQA4r16Se0kO7uun6Z88cvXuSYyQUNXCi9WSYMCGISIzfRwpkrIY8MWOGNgsJDmJUKVHhtTO1FjDhs2aFAtQpqRFiKW4IgJE+PAhQgUDdhOJFvoIAggNQwUgsOsotSgSMVcPFWiwwyajAmFyqF3LVu2QEwL/FKkwsGCH3bt47SqgyMNMh7+AAwMmckBRAB8UEiterHiCQxVoPEieTJlyDxeKDJSowLmzZ88oBkGuTHry5cybP6vmHHpQX8Gw/xI2jJixbQqOCaFtyzvH27iJAhxYQLy48eJ7R61oo8OECkMqGgwp4a4rIRFHNnBIY8JQgzEYLlSobh27du0/BAywSyDAkPDhx5fPzuF8mwYX1Ki5gCPMBfjikQeLefXVd8MKI2SggQYZjEBABf9FKN+A9J13hAhJpKAggykkUQCEAE5ICoEWYpjhhhl06CGIEgooCYn1XTiIhgumOMiHEcbnIiMi3HBejCYKQiOHurGooyQJVAhkaiFD2lhkjuI9A4kMYhS4gYxMoqjik/BZ4EAkImjAwZKGNLkllxjwsGMiEghxZZBZ1nhmkRbYsMAmIsiQQCJmJlKAA2vS0qd1kQxKKCOGHqrICTMsOMMJijIiAAlkkEECcJEuosJzmXZaSCAAIfkEBQoANQAsAgACACwALAAACP8AawgcSLAgwQMWpEixcMCgw4cQHzrpAwJEHycRM2osqOdDxQ96NorM2PFjyJEoDZYEATIlRAYlFEBc2fJhAz0uNjbZ0wHQgoc0Txp8UiXOxYwMXnjw0POnSo8shRIkGqJqoJwQw0RhytTnU5NDq1StGodFRAWAOnBtyhFqzYFUx4YY1CDjgrRrvQ4MOlWs3CpPNt5VS1hvDb4C444FPHJwXqeIFVdljNJx4Z98JYegnNJyVwVk3JJp4HdxYJcCPXfAM0LQnTuCTJSRu/k06tR41doRgODEiQMD+Py1fTv1FLV0SBis4Gcy8eKpZ9ghocKgigp1BD0QOUAGlO/gw3//p4EVIoEEBg6oX89efQEVUMRsmE+/Pv0lGQE4iMC/v//+LhxwAQcEFmiggXNAENEALkjw34P8LTDggRQSmOCCDUL44ALx2efhfPhFpJ+G/wXYnXgoQkFDCwFEpMIA7cXoXnUbHcDEGC08tIIJKAwAXUEIvJGBBlTkWNAKblRAgQk+/lhDkEMOOUYAAySRxAAqpKCkkkz+CKUGUTKRBAxwwAGDCEpQsOWSTaL2ZZRvHNDCBRhgcEELApig5p5duvQmmG8gUAMEdNqp4AB6rtnnSH9mEKhAhNZ5gYI1ILonl21q1OijkBY66UCWKpopRJsKOlCkhhIUKp+jGnSAkGACZGrqqZ5SCmqifAoQ0QlLxOrorLRKauutl06QREQr/KGBrA6h+qlBoVYgR6sFQZDHrw85O6yqesohwkYrKNFQtrVCJMCVTnYqbLobacuuRu6+G5EDMdQZgwPyRhQABN9B0KJLAQEAIfkEBQoAYQAsAgABAC0ALQAAB/+AYYKDhIWGKiqGiouMjWEGTDMzPASOlpeDE1EeHlU0mKCNMB0dHh0ToamGo6Wnqq+CrKaosIYKMgmMsq6LDDYtmEpZG0cii7u0hg5dHx7JjApCHBzExquks4rLHyAgUU+OPhvU1MXXrc+C2yDcWjmOKzfj8+aEyIXr3B9FSZYKVPPKrbCHjZc6ZuzYFdmB6V/AaoPuHdSnkCEoh+SIDQwjMV9FVRjpGbvncZ9FkAAzHkHgpJQpLAwQ6ltYK0xIalxOEOnRA4kEKRRN1hR088iVAy4gGBiwIaHQoURTIhlhCAqQj1AHiTDyg6oiGkWmLAilxITZs2jNpmBwpdGVGhj/4sqdG5cLCwRhaizJwLev374WBjRS4CWE4cOID2/5EoaFhseQI0fWMZZREzCJMx9+ocKx5M+PKTeqgVlzZg4q9P5dzTeGgMFATCcOwiWMAAkjcuverfskIxMxLAgfTlw4kwOgCpTI0WCRgQYLAGQdZGDIBQxWGBgyAEFCBAYBple/fr0CgAAHDgRQ0cB7hO/hh47HQB4KAhIlSvgwgOO9f/A1zUceFgMwQEEFFUwQHQP+vQfgKwLSh0UlDVBwoIJhBMBggw+GEuEFEwpS4YWVadggfB5aR5+ElYhoYYKVZbjhf/FZ8mGIg4wIIyEmclgjIwVUQB6LheiIIY8zOihdWyMPWLAiiC0SYmSMg/QYgQQuFOCIATbEBaUiUypiogQSOPDjIjvYYAGOhoQpJoMOCHZJAQ3ICeaLR4pZwJk1uTmdI37+yUiggiqywAQIYmFNoYzggIISOCypSiAAIfkEBQoAMAAsAgACACwALAAACP8AYQgcSLAgwQFhMFyAIsCgw4cQH9YQw4FDohQRM2osWGLDBg4bmmwcmbHjx5AkUzo0CVKkyocilByAyBLlwwVYGGyMUCjDGAQPa7o0iMNQhxc1MooopEGDT6AGhTos2sGDBw44IqJY4tTpz6geWxI16qGqGSgRD8DJ0PUpx7A2B1ItWzbLiowJ1rb9OlCqXLJVO2RRsDEv28N8YfiFMTfwYJKG90L127gu4ZSREQOVWlnwZZWZvRoI8xFkjQWALb8cGDqDDQhL5szBA0FDYNWrWetlewjAAQgDEdH1nLtg5BsPDNagg7s4QQRkrCR3SMKODhEjrzhwAaG79+/dkwD/iCggxaHz6NOft0LoQAQLF+LLny+fUEOICRR92M+/P38tcLiBwYAEFljgG9hBhMIdIDTo4IMPniGggRQOiKBWDEKoYYNnuAAffSBe4ARejfhn4n5avBFAAy206OKLLoqgQkQEmMAECzjmqCOOORgwkgBKmHCXQ06YUUYDzhU0gAkUVADFkAQR4kgIIdQxXZJLNtlkCioAQAABABRgBpVUWoklkxVoeQIBD7jgQgMJNEJmmVe+lGWaaY5wRQIRSCBBBAY8MOacZtqJppYjNMRnBIzO9MSgZBZK0p2I3rdoowI9OmeVdWZEaZ73wXBpBDNlCimdG31KQaIEjVqqqZtKavqQAIeCahyjmBKkKaFZQbTABHiuGipruJJq0K5UbmEDjXJUYKtBrjqE7CJPKCXHBKw6FK20ZsTBSAUbEZDEFfgV+6pBDZDRQpLE4nouuxFtCy9e5s6rkQEuMOpCAfZmpMIBCyxwwIwvBQQAIfkEBQoAKgAsAgACACwALAAACP8AVQgcSLBgQTl69DQxyLChQ4dKlmjQMEPCw4sYC8rIkEFDhhEZQ17c2PGjyJMMSXoEibLhgQcFHKo02VAECQUZcTC5UMFAw5ksDSbRsSGLkosGmGDAwNOnQaAMh27gwEGIiIcOLDBl2vMpx5VCiXKYKibFQwIULmxtqvErzYFSx47Ng+BigQpq83YdCBWu2KkbCiXIeDcvV6cq+qqIC1iwyMJr9/ZlPNbxSch6fUKlHHhwS8xcCZjo6BGFgr+VPbdUAfpCmB0WdOiAwyAP4NSrCYKuAEDAgiQCBPyQ2zl3QchWcBg0kQa38eNuKihnmOIGhroZAyxowL27d+4MsDv/vKKEEIzz6NOfn2CgwQQK8OPLj+8jwEMEjzro389/fxQbKFQw34AUVFACYgxJwIcH/TXYgQdoBFjBhBRWSGEYCBoUQQ8edOjhhx+qwcAEJJZoYokUyGCfQwek4WCDZjgBgAgL1GjjjTZmaNAAJ5SAxY9ABvljEwSEFAAODugoUBh7SMHAcwUFwEAEEkAQU0FheAHCB104AKVAUkYgpgRPLiCHHAoMwMGWW3YJZZhiipmED5BIEgkQNRjyAZtcepkbnHHicAUGIRQaxxtJbLDnom62BKiYOACgAheFhhBHDCrgoCifjYr0aASRCkSpoZhmuimjfmY3ZZygSipqpZcOdKTpom2m+tCnoQ40qqWlCjQrp7YyhKurusLaq6+ntokUlYESWyypBv26qBO3OiCBBK0ytGus0W4KghkPXDSAA9lqa2xDDChqRhjZEeBsQdseW9ACOQRrXLxfhoRvvhjty+9DegRR6CQ8/HvRAVyMhYGSGAUEACH5BAUKACcALAIAAgAsACwAAAj/AE8IHEiwIMErEcKEcRHAoMOHEB8+sIABQ4wGETNqLOjiwgUMF1psHJkRgkeQIkmqNGjyY8iVEAksEACxJUqICEaI2KiABgUTAx7afOkwAZwMhVxkJECjQoWfQVmeJFrQaAYNGvKsiJhkwtOnQKW6TEnQqoarSyREFGCCwleoBYeSFWj2agY9BTIOaPs27EC5ZY+ePavHwMa9bhP7PQGYrmC7hUki7hu1cV3ChlVOVhwU8OW7mVduBivAZMULTxA8xgxz4GgKSkQQevPGiQIWdlm3ds3X7QgVAkSIEBBgzGDQuwtOhpLA4JMbupMTFKBkBAKJh2Dk3ajiQILv4MN//0cwQEVEAC5KqF/Pfn2NAQgiyJ9Pn74DABk1bNjPvz9/MVAsIEF9BEYggQtRPRRBIhz45+AGHFggYIH1SQBBgg65MAcHHHbooYdwHOAChfU1gF9EMzzoYCJNqFDAATDGKCOMBiSwXU0k1KDjjjzqOAJNG0FASRROPCTHGRksIF1cHYQQgh9DGCQHJR50gMgOSwoEQZNOhtDDACuMMEICA0xRZZVXLrlll05uIAMdiyyiyAhodHCmlVjutiabliygxwcggPCBDStUYuehacK0Z5eWMHCCFYAKysQJSRh6Z6IkLepkowIdEukHk1JqKaJ5Bsklo452+mmooh6KZqkRaXgaAqcDeRooqARV6iqeGTlw6qap1rpqQbpemkREVsTBZ7DC3srqQMXaGYUbEbnACKoO2SqpQ8V6sAGsDg3BSBy0GqQtrtwa6uZGLfAALkHnPluQCAFmqaqz9m4Ub74aQQoouvxCREgfgfZRQcARGfDGGWeMcaNKAQEAIfkEBQoAJgAsAgACACwALAAACP8ATQgcSLAgwQANRoxoYLChw4cPFUyoUGFCEogYMxZcQKECBQo7NIrEyNEjyJEoG5b8GDKlwwAGAjxcedJhgQcGNBJ4EIGBTJUdWTo0UOECExwYAzyQIKHnz41BaxYkegEDBiY5HxaI0DSCU4M0WxKkiqGqBQcQAeDwytYnVJNiBZKteqECAYxqubZ9aiLs2KJly1YooDFv168C/coFTHfwSMN7E0dtOVcwYZSQvbr1W7nu5ZSZnZb0uKAAY8suB4bGYUBGmDAyEJSgizq16rVNJTRQATMmgAqBPdsuaBjC54EMrNQeTlBFEgbHCTKo4GZkgkNfuGjfzl27jIwMfJD/GE++/HgUA/7ECcG+vfv2QBRAHIAhg/37+O8vqdHlvf/2YJAA0Q5qaJDfgRlowMIe//3HhoAz6aDBhBRWWCEZXwQRx4YcdsjhGiLMZwGCBy5BwgE8xADHiiy2CMcbJAyAUQMojIDCjTjmOEIEIzGQBgfVNeQDGnnIxxxBDXTxAQheBEmQDERwsMEPFx1pQpJLLinGAAiccEICAlAhpZRUHumAkiBkeYYSUvBRxyNKcLHBmFNWmRqWaabJwQIVdOCBBx3kgMAlcxZapktnZqmnQEP4CSghJqxAKJ2HjoRnlhwM1OifHUAa6aSG2plRonl+kKmmjnY6kKSFkinqQ5cucUrQpo8SxCqlrxqEwwuKmmoQraraCqqUVIT4ECFalHpqQcB6KmyrYnz30BNRgCDrr6k6+ywHHGhg7ENYRKHFsthyqu2zGkig0QM5LPBQsw8lkMK3R8JrpUb23otRvvo+5EYVf5pRQr8YEUCIGmjAYFtAACH5BAUKACIALAEAAgAtACwAAAj/AEUIHEiwYEEVCHbsQKDCoMOHECEWcCFBggsDETNqNHgggscIBzaK1NjxY8iRKB2W9Hgy5UMJbx5AXAkSooAFBETC0BInSouHNFsWHGCCAg0FGl0ECsHUp8qPNQ0SpVChAo2cEcnEYdr0Z8GgUotWoDphQcYdmbh2/QpVqIipY8eaEKCxQVq1TgeCHQiXKgUTA0TaVRsir4i9b8X6BYxyMF6ve/vKDZzSMVenYCX/pezSclcDESqCFKB4skuCnkMoSuDAhQsHA1D4NX0a9V2mdQgAGDAAgIoUcTfXNuh4UwWDCaDQHl6QAYceFB4mSKGErkgEMMZY2c69u5VDcyOq/1BQsbz58ieeXBFhQcuH9/Djw1+dEcaF+/jz47fgAgAREPIF+AEId5wQkQJwYKDfghdgAAUAaYAg4YQUUqiJgRAhiMGGHHbYIRQiwOGegPJhgkBEAhDC4IIxQCBQBTbEKOOMMfKAQkZXKPDEjjz2uGMLDQQw0gJLINLEQxDAwUICzBm0wxQdeEDJkQW1QIUGGcDBZJMCPRlllIAI5BECAYyBJZZacumlB1+i4UIGiSSiAQQ8ZHBmllvWtuaXdiggxwYccLABFAVYYeehaZ62J5t2mEUDoIK6cZihdyaK0qIdNCrQo4FuIOmkh6KZ50aYaroppJ7qRSmio0a0AyJfMnRq1kCcRkrQAauKqlESsLIpa0G1pnprrlm6ZZAbUfia6awEBfvpsKEuoURGOGzgwa8GOasSpRr8sYJGPnCw7EPaqnRIBn+4SCoUSJGL6rMGGSBBq8yVy+VG9t6bUbBh6LuRCYkEWoQP/mokgBwxxECDdSkFBAA7"
    />
  </div>
</div>
`;

exports[`Loader component snapshots LoaderStyled snapshots render with props 1`] = `
<div
  className="sc-bdVaJa fWCfgh"
>
  <div
    className="loader"
  >
    <img
      alt="Loader"
      src="data:image/gif;base64,R0lGODlhMAAwAPdJAFdXV1hYWFpaWltbW1xcXF1dXV5eXl9fX2BgYGFhYWRkZGZmZmlpaWpqamtra2xsbG9vb3FxcXJycoWFhYaGhoeHh5mZmZqampubm66urq+vr8LCwsPDw9fX19jY2Orq6uvr6////2NjY3Z2dnt7e4ODg3h4eHNzc3V1dXd3d1ZWVmJiYpGRkW5ubnBwcMTExIyMjJiYmHl5eaysrH9/f3x8fI6OjqWlpWhoaImJiaioqGdnZ42NjdDQ0Hp6eqenp93d3fz8/LCwsIiIiLu7u8DAwJ+fn6SkpLm5uWVlZXR0dK2trY+Pj319fYqKim1tbYCAgNbW1ry8vLW1taamptTU1JSUlFlZWYSEhLGxsenp6f39/ZycnMbGxt7e3p2dnff394KCgsHBwZWVlZCQkMfHx9XV1bi4uKqqqrq6uqmpqdvb2/b29p6enoGBgZaWlpeXl/7+/n5+fr6+vszMzNLS0rOzs+Li4qurq6GhoZKSksXFxdHR0ejo6PDw8KCgoLS0tOfn58nJydPT04uLi6Kiore3t5OTk7a2tr+/v8vLy+Tk5Obm5srKyvLy8r29vd/f3/j4+Pn5+fv7+83NzbKyss7OzqOjo8jIyM/Pz+Hh4e/v71VVVQAAAAAAAAAAAAAAAAAAAAAAAAAAAAAAAAAAAAAAAAAAAAAAAAAAAAAAAAAAAAAAAAAAAAAAAAAAAAAAAAAAAAAAAAAAAAAAAAAAAAAAAAAAAAAAAAAAAAAAAAAAAAAAAAAAAAAAAAAAAAAAAAAAAAAAAAAAAAAAAAAAAAAAAAAAAAAAAAAAAAAAAAAAAAAAAAAAAAAAAAAAAAAAAAAAAAAAAAAAAAAAAAAAAAAAAAAAAAAAAAAAAAAAAAAAAAAAAAAAAAAAAAAAAAAAAAAAAAAAAAAAAAAAAAAAAAAAAAAAAAAAAAAAAAAAAAAAAAAAAAAAAAAAAAAAAAAAAAAAAAAAAAAAAAAAAAAAAAAAAAAAAAAAAAAAAAAAAAAAAAAAAAAAAAAAAAAAACH/C05FVFNDQVBFMi4wAwEAAAAh/i1NYWRlIGJ5IEtyYXNpbWlyYSBOZWpjaGV2YSAod3d3LmxvYWRpbmZvLm5ldCkAIfkEBQoASQAsAAAAADAAMAAAB/+ASYKDhIWGh4iJiouFAACMkJGFCEZlZUYIkpqLLEEhIUEsm6OHF5+fF6Sqg6anqauqraiwiC0wOImyIa+HAQYBmxQeHy8NiLq8hQEMEQ8Eki0dICDEDKWnu73MEhIPwJAwH9TUxYbIhssR6hIRBZE7L+LyL9aE54Tp6uoM35AM8eOIGWOFLVk+ffw2NQA4r16Se0kO7uun6Z88cvXuSYyQUNXCi9WSYMCGISIzfRwpkrIY8MWOGNgsJDmJUKVHhtTO1FjDhs2aFAtQpqRFiKW4IgJE+PAhQgUDdhOJFvoIAggNQwUgsOsotSgSMVcPFWiwwyajAmFyqF3LVu2QEwL/FKkwsGCH3bt47SqgyMNMh7+AAwMmckBRAB8UEiterHiCQxVoPEieTJlyDxeKDJSowLmzZ88oBkGuTHry5cybP6vmHHpQX8Gw/xI2jJixbQqOCaFtyzvH27iJAhxYQLy48eJ7R61oo8OECkMqGgwp4a4rIRFHNnBIY8JQgzEYLlSobh27du0/BAywSyDAkPDhx5fPzuF8mwYX1Ki5gCPMBfjikQeLefXVd8MKI2SggQYZjEBABf9FKN+A9J13hAhJpKAggykkUQCEAE5ICoEWYpjhhhl06CGIEgooCYn1XTiIhgumOMiHEcbnIiMi3HBejCYKQiOHurGooyQJVAhkaiFD2lhkjuI9A4kMYhS4gYxMoqjik/BZ4EAkImjAwZKGNLkllxjwsGMiEghxZZBZ1nhmkRbYsMAmIsiQQCJmJlKAA2vS0qd1kQxKKCOGHqrICTMsOMMJijIiAAlkkEECcJEuosJzmXZaSCAAIfkEBQoANQAsAgACACwALAAACP8AawgcSLAgwQMWpEixcMCgw4cQHzrpAwJEHycRM2osqOdDxQ96NorM2PFjyJEoDZYEATIlRAYlFEBc2fJhAz0uNjbZ0wHQgoc0Txp8UiXOxYwMXnjw0POnSo8shRIkGqJqoJwQw0RhytTnU5NDq1StGodFRAWAOnBtyhFqzYFUx4YY1CDjgrRrvQ4MOlWs3CpPNt5VS1hvDb4C444FPHJwXqeIFVdljNJx4Z98JYegnNJyVwVk3JJp4HdxYJcCPXfAM0LQnTuCTJSRu/k06tR41doRgODEiQMD+Py1fTv1FLV0SBis4Gcy8eKpZ9ghocKgigp1BD0QOUAGlO/gw3//p4EVIoEEBg6oX89efQEVUMRsmE+/Pv0lGQE4iMC/v//+LhxwAQcEFmiggXNAENEALkjw34P8LTDggRQSmOCCDUL44ALx2efhfPhFpJ+G/wXYnXgoQkFDCwFEpMIA7cXoXnUbHcDEGC08tIIJKAwAXUEIvJGBBlTkWNAKblRAgQk+/lhDkEMOOUYAAySRxAAqpKCkkkz+CKUGUTKRBAxwwAGDCEpQsOWSTaL2ZZRvHNDCBRhgcEELApig5p5duvQmmG8gUAMEdNqp4AB6rtnnSH9mEKhAhNZ5gYI1ILonl21q1OijkBY66UCWKpopRJsKOlCkhhIUKp+jGnSAkGACZGrqqZ5SCmqifAoQ0QlLxOrorLRKauutl06QREQr/KGBrA6h+qlBoVYgR6sFQZDHrw85O6yqesohwkYrKNFQtrVCJMCVTnYqbLobacuuRu6+G5EDMdQZgwPyRhQABN9B0KJLAQEAIfkEBQoAYQAsAgABAC0ALQAAB/+AYYKDhIWGKiqGiouMjWEGTDMzPASOlpeDE1EeHlU0mKCNMB0dHh0ToamGo6Wnqq+CrKaosIYKMgmMsq6LDDYtmEpZG0cii7u0hg5dHx7JjApCHBzExquks4rLHyAgUU+OPhvU1MXXrc+C2yDcWjmOKzfj8+aEyIXr3B9FSZYKVPPKrbCHjZc6ZuzYFdmB6V/AaoPuHdSnkCEoh+SIDQwjMV9FVRjpGbvncZ9FkAAzHkHgpJQpLAwQ6ltYK0xIalxOEOnRA4kEKRRN1hR088iVAy4gGBiwIaHQoURTIhlhCAqQj1AHiTDyg6oiGkWmLAilxITZs2jNpmBwpdGVGhj/4sqdG5cLCwRhaizJwLev374WBjRS4CWE4cOID2/5EoaFhseQI0fWMZZREzCJMx9+ocKx5M+PKTeqgVlzZg4q9P5dzTeGgMFATCcOwiWMAAkjcuverfskIxMxLAgfTlw4kwOgCpTI0WCRgQYLAGQdZGDIBQxWGBgyAEFCBAYBple/fr0CgAAHDgRQ0cB7hO/hh47HQB4KAhIlSvgwgOO9f/A1zUceFgMwQEEFFUwQHQP+vQfgKwLSh0UlDVBwoIJhBMBggw+GEuEFEwpS4YWVadggfB5aR5+ElYhoYYKVZbjhf/FZ8mGIg4wIIyEmclgjIwVUQB6LheiIIY8zOihdWyMPWLAiiC0SYmSMg/QYgQQuFOCIATbEBaUiUypiogQSOPDjIjvYYAGOhoQpJoMOCHZJAQ3ICeaLR4pZwJk1uTmdI37+yUiggiqywAQIYmFNoYzggIISOCypSiAAIfkEBQoAMAAsAgACACwALAAACP8AYQgcSLAgwQFhMFyAIsCgw4cQH9YQw4FDohQRM2osWGLDBg4bmmwcmbHjx5AkUzo0CVKkyocilByAyBLlwwVYGGyMUCjDGAQPa7o0iMNQhxc1MooopEGDT6AGhTos2sGDBw44IqJY4tTpz6geWxI16qGqGSgRD8DJ0PUpx7A2B1ItWzbLiowJ1rb9OlCqXLJVO2RRsDEv28N8YfiFMTfwYJKG90L127gu4ZSREQOVWlnwZZWZvRoI8xFkjQWALb8cGDqDDQhL5szBA0FDYNWrWetlewjAAQgDEdH1nLtg5BsPDNagg7s4QQRkrCR3SMKODhEjrzhwAaG79+/dkwD/iCggxaHz6NOft0LoQAQLF+LLny+fUEOICRR92M+/P38tcLiBwYAEFljgG9hBhMIdIDTo4IMPniGggRQOiKBWDEKoYYNnuAAffSBe4ARejfhn4n5avBFAAy206OKLLoqgQkQEmMAECzjmqCOOORgwkgBKmHCXQ06YUUYDzhU0gAkUVADFkAQR4kgIIdQxXZJLNtlkCioAQAABABRgBpVUWoklkxVoeQIBD7jgQgMJNEJmmVe+lGWaaY5wRQIRSCBBBAY8MOacZtqJppYjNMRnBIzO9MSgZBZK0p2I3rdoowI9OmeVdWZEaZ73wXBpBDNlCimdG31KQaIEjVqqqZtKavqQAIeCahyjmBKkKaFZQbTABHiuGipruJJq0K5UbmEDjXJUYKtBrjqE7CJPKCXHBKw6FK20ZsTBSAUbEZDEFfgV+6pBDZDRQpLE4nouuxFtCy9e5s6rkQEuMOpCAfZmpMIBCyxwwIwvBQQAIfkEBQoAKgAsAgACACwALAAACP8AVQgcSLBgQTl69DQxyLChQ4dKlmjQMEPCw4sYC8rIkEFDhhEZQ17c2PGjyJMMSXoEibLhgQcFHKo02VAECQUZcTC5UMFAw5ksDSbRsSGLkosGmGDAwNOnQaAMh27gwEGIiIcOLDBl2vMpx5VCiXKYKibFQwIULmxtqvErzYFSx47Ng+BigQpq83YdCBWu2KkbCiXIeDcvV6cq+qqIC1iwyMJr9/ZlPNbxSch6fUKlHHhwS8xcCZjo6BGFgr+VPbdUAfpCmB0WdOiAwyAP4NSrCYKuAEDAgiQCBPyQ2zl3QchWcBg0kQa38eNuKihnmOIGhroZAyxowL27d+4MsDv/vKKEEIzz6NOfn2CgwQQK8OPLj+8jwEMEjzro389/fxQbKFQw34AUVFACYgxJwIcH/TXYgQdoBFjBhBRWSGEYCBoUQQ8edOjhhx+qwcAEJJZoYokUyGCfQwek4WCDZjgBgAgL1GjjjTZmaNAAJ5SAxY9ABvljEwSEFAAODugoUBh7SMHAcwUFwEAEEkAQU0FheAHCB104AKVAUkYgpgRPLiCHHAoMwMGWW3YJZZhiipmED5BIEgkQNRjyAZtcepkbnHHicAUGIRQaxxtJbLDnom62BKiYOACgAheFhhBHDCrgoCifjYr0aASRCkSpoZhmuimjfmY3ZZygSipqpZcOdKTpom2m+tCnoQ40qqWlCjQrp7YyhKurusLaq6+ntokUlYESWyypBv26qBO3OiCBBK0ytGus0W4KghkPXDSAA9lqa2xDDChqRhjZEeBsQdseW9ACOQRrXLxfhoRvvhjty+9DegRR6CQ8/HvRAVyMhYGSGAUEACH5BAUKACcALAIAAgAsACwAAAj/AE8IHEiwIMErEcKEcRHAoMOHEB8+sIABQ4wGETNqLOjiwgUMF1psHJkRgkeQIkmqNGjyY8iVEAksEACxJUqICEaI2KiABgUTAx7afOkwAZwMhVxkJECjQoWfQVmeJFrQaAYNGvKsiJhkwtOnQKW6TEnQqoarSyREFGCCwleoBYeSFWj2agY9BTIOaPs27EC5ZY+ePavHwMa9bhP7PQGYrmC7hUki7hu1cV3ChlVOVhwU8OW7mVduBivAZMULTxA8xgxz4GgKSkQQevPGiQIWdlm3ds3X7QgVAkSIEBBgzGDQuwtOhpLA4JMbupMTFKBkBAKJh2Dk3ajiQILv4MN//0cwQEVEAC5KqF/Pfn2NAQgiyJ9Pn74DABk1bNjPvz9/MVAsIEF9BEYggQtRPRRBIhz45+AGHFggYIH1SQBBgg65MAcHHHbooYdwHOAChfU1gF9EMzzoYCJNqFDAATDGKCOMBiSwXU0k1KDjjjzqOAJNG0FASRROPCTHGRksIF1cHYQQgh9DGCQHJR50gMgOSwoEQZNOhtDDACuMMEICA0xRZZVXLrlll05uIAMdiyyiyAhodHCmlVjutiabliygxwcggPCBDStUYuehacK0Z5eWMHCCFYAKysQJSRh6Z6IkLepkowIdEukHk1JqKaJ5Bsklo452+mmooh6KZqkRaXgaAqcDeRooqARV6iqeGTlw6qap1rpqQbpemkREVsTBZ7DC3srqQMXaGYUbEbnACKoO2SqpQ8V6sAGsDg3BSBy0GqQtrtwa6uZGLfAALkHnPluQCAFmqaqz9m4Ub74aQQoouvxCREgfgfZRQcARGfDGGWeMcaNKAQEAIfkEBQoAJgAsAgACACwALAAACP8ATQgcSLAgwQANRoxoYLChw4cPFUyoUGFCEogYMxZcQKECBQo7NIrEyNEjyJEoG5b8GDKlwwAGAjxcedJhgQcGNBJ4EIGBTJUdWTo0UOECExwYAzyQIKHnz41BaxYkegEDBiY5HxaI0DSCU4M0WxKkiqGqBQcQAeDwytYnVJNiBZKteqECAYxqubZ9aiLs2KJly1YooDFv168C/coFTHfwSMN7E0dtOVcwYZSQvbr1W7nu5ZSZnZb0uKAAY8suB4bGYUBGmDAyEJSgizq16rVNJTRQATMmgAqBPdsuaBjC54EMrNQeTlBFEgbHCTKo4GZkgkNfuGjfzl27jIwMfJD/GE++/HgUA/7ECcG+vfv2QBRAHIAhg/37+O8vqdHlvf/2YJAA0Q5qaJDfgRlowMIe//3HhoAz6aDBhBRWWCEZXwQRx4YcdsjhGiLMZwGCBy5BwgE8xADHiiy2CMcbJAyAUQMojIDCjTjmOEIEIzGQBgfVNeQDGnnIxxxBDXTxAQheBEmQDERwsMEPFx1pQpJLLinGAAiccEICAlAhpZRUHumAkiBkeYYSUvBRxyNKcLHBmFNWmRqWaabJwQIVdOCBBx3kgMAlcxZapktnZqmnQEP4CSghJqxAKJ2HjoRnlhwM1OifHUAa6aSG2plRonl+kKmmjnY6kKSFkinqQ5cucUrQpo8SxCqlrxqEwwuKmmoQraraCqqUVIT4ECFalHpqQcB6KmyrYnz30BNRgCDrr6k6+ywHHGhg7ENYRKHFsthyqu2zGkig0QM5LPBQsw8lkMK3R8JrpUb23otRvvo+5EYVf5pRQr8YEUCIGmjAYFtAACH5BAUKACIALAEAAgAtACwAAAj/AEUIHEiwYEEVCHbsQKDCoMOHECEWcCFBggsDETNqNHgggscIBzaK1NjxY8iRKB2W9Hgy5UMJbx5AXAkSooAFBETC0BInSouHNFsWHGCCAg0FGl0ECsHUp8qPNQ0SpVChAo2cEcnEYdr0Z8GgUotWoDphQcYdmbh2/QpVqIipY8eaEKCxQVq1TgeCHQiXKgUTA0TaVRsir4i9b8X6BYxyMF6ve/vKDZzSMVenYCX/pezSclcDESqCFKB4skuCnkMoSuDAhQsHA1D4NX0a9V2mdQgAGDAAgIoUcTfXNuh4UwWDCaDQHl6QAYceFB4mSKGErkgEMMZY2c69u5VDcyOq/1BQsbz58ieeXBFhQcuH9/Djw1+dEcaF+/jz47fgAgAREPIF+AEId5wQkQJwYKDfghdgAAUAaYAg4YQUUqiJgRAhiMGGHHbYIRQiwOGegPJhgkBEAhDC4IIxQCBQBTbEKOOMMfKAQkZXKPDEjjz2uGMLDQQw0gJLINLEQxDAwUICzBm0wxQdeEDJkQW1QIUGGcDBZJMCPRlllIAI5BECAYyBJZZacumlB1+i4UIGiSSiAQQ8ZHBmllvWtuaXdiggxwYccLABFAVYYeehaZ62J5t2mEUDoIK6cZihdyaK0qIdNCrQo4FuIOmkh6KZ50aYaroppJ7qRSmio0a0AyJfMnRq1kCcRkrQAauKqlESsLIpa0G1pnprrlm6ZZAbUfia6awEBfvpsKEuoURGOGzgwa8GOasSpRr8sYJGPnCw7EPaqnRIBn+4SCoUSJGL6rMGGSBBq8yVy+VG9t6bUbBh6LuRCYkEWoQP/mokgBwxxECDdSkFBAA7"
    />
  </div>
</div>
`;
